// Jest Snapshot v1, https://goo.gl/fbAQLP

exports[`ConnectLinks Component renders the UI as expected 1`] = `
<ul
  className="ConnectLinks"
>
  <li>
    <a
      href="https://github.com/SterlingDWatts"
      target="_blank"
    >
      <i
        className="fab fa-github"
      />
    </a>
  </li>
  <li>
    <a
      href="https://www.linkedin.com/in/sterlingdwatts/"
      target="_blank"
    >
      <i
        className="fab fa-linkedin-in"
      />
    </a>
  </li>
  <li>
    <a
      href="https://www.facebook.com/SterlingDWatts"
      target="_blank"
    >
      <i
        className="fab fa-facebook-f"
      />
    </a>
  </li>
  <li>
    <a
      href="https://www.instagram.com/sterlingdwatts"
      target="_blank"
    >
      <i
        className="fab fa-instagram"
      />
    </a>
  </li>
  <li>
    <a
      href="https://twitter.com/SterlingDWatts"
      target="_blank"
    >
      <i
        className="fab fa-twitter"
      />
    </a>
  </li>
</ul>
`;
