// Jest Snapshot v1, https://goo.gl/fbAQLP

exports[`PageLink Component renders the UI as expected 1`] = `
<li
  className="PageLink large"
>
  <a
    href="/#about-me"
    onClick={[Function]}
  >
    About Me
  </a>
</li>
`;
