// Jest Snapshot v1, https://goo.gl/fbAQLP

exports[`App Component renders the UI as expected 1`] = `
<div
  className="App"
>
  <div
    className="NavBar"
  >
    <div
      className="NavBar_top"
    >
      <a
        href="/"
      >
        Sterling | Dev
      </a>
      <ul
        className="PageLinks"
      >
        <li
          className="large"
        >
          <a
            href="#about-me"
          >
            About Me
          </a>
        </li>
        <li
          className="large"
        >
          <a
            href="#projects"
          >
            Projects
          </a>
        </li>
        <li
          className="large"
        >
          <a
            href="#connect"
          >
            Connect
          </a>
        </li>
        <li
          className="large"
        >
          <a
            href="/blog"
            onClick={[Function]}
          >
            Blog
          </a>
        </li>
        <li
          className="small"
        >
          <button
            className="burger_button"
          >
            <i
              className="fas fa-bars"
            />
          </button>
        </li>
      </ul>
    </div>
  </div>
  <main
    className="HomePage"
  >
    <section
      className="HomeLanding"
    >
      <div
        className="HomeLanding__header"
      >
        <header>
          <h1>
            Sterling Watts
          </h1>
          <h4>
            Full Stack Web Developer
          </h4>
        </header>
      </div>
      <div
        className="HomeLanding__italy_image"
      />
      <div
        className="HomeLanding__blurb"
      >
        <p>
          I am a passionate Full Stack Web Developer that enjoys making beautiful and intuitive websites as well as analyzing the data that I can get from them!
        </p>
      </div>
    </section>
    <section
      className="AboutMe"
      id="about-me"
    >
      <header>
        <h2>
          About Me
        </h2>
      </header>
      <p>
        I love to code! I have studied Data Analysis on DataQuest and am taking the Full Stack Web Developer bootcamp with Bloc. What I appreciate most about coding is being able to make something that people can use and will enhance their lives. I'm a problem solver and a technophile which I want to use to enrich peoples lives. When I am not building the front of a website, I love to geek out on the data I can get from it and how I can use it to improve the user experience.
      </p>
      <p>
        Coding isn't my only passion. My board game shelf is overflowing with games, my favorites being modern Euro style board games like Scythe. Additionally, I am a huge wine nerd. I even have a Certified Sommelier certificate to prove it! I appreciate sharing my knowledge about wine with people and engaging with them as to how the they perceive the wine in relation to aroma and taste. Feel free to contact me or follow me on social media and be sure to browse my projects!
      </p>
    </section>
    <section
      className="Projects"
      id="projects"
    >
      <header
        className="Projects__header"
      >
        <h2>
          Projects
        </h2>
      </header>
      <div
        className="Project"
      >
        <header
          className="Project__header"
        >
          <h3>
            Quaff Quizz
          </h3>
        </header>
        <div
          className="Project__pic Quaff Quizz_pic"
        >
          <div
            className="Project__about"
          >
            <h5>
              Quaff Quizz
               | 
              <a
                href="https://sterlingdwatts.github.io/quaff_quizz"
                target="_blank"
              >
                Live App
              </a>
               | 
              <a
                href="https://github.com/SterlingDWatts/quaff_quizz"
                target="_blank"
              >
                Repo
              </a>
            </h5>
            <p>
              A fun wine quiz web app with over 20 questions ranging over 4 topics.
            </p>
            <button
              className="Project__more_info"
              onClick={[Function]}
            >
              more info
            </button>
          </div>
        </div>
      </div>
      <div
        className="Project"
      >
        <header
          className="Project__header"
        >
          <h3>
            Game Hub
          </h3>
        </header>
        <div
          className="Project__pic Game Hub_pic"
        >
          <div
            className="Project__about"
          >
            <h5>
              Game Hub
               | 
              <a
                href="https://sterlingdwatts.github.io/game_hub"
                target="_blank"
              >
                Live App
              </a>
               | 
              <a
                href="https://github.com/SterlingDWatts/game_hub"
                target="_blank"
              >
                Repo
              </a>
            </h5>
            <p>
              The hottest new way to discover new board games!
            </p>
            <button
              className="Project__more_info"
              onClick={[Function]}
            >
              more info
            </button>
          </div>
        </div>
      </div>
    </section>
    <section
      className="Connect"
    >
      <div
        className="Connect__pic"
      />
      <div
        className="Connect__info"
        id="connect"
      >
        <header>
          <h2>
            Connect
          </h2>
        </header>
        <ul>
          <li>
            Cell: 858609.9463
          </li>
          <li>
            Email: 
            <a
              href="mailto:SterlingDWatts@gmail.com"
              target="_blank"
            >
              SterlingDWatts@gmail.com
            </a>
          </li>
          <li>
            GitHub Repo: 
            <a
              href="https://github.com/SterlingDWatts"
              target="_blank"
            >
              /SterlingDWatts
            </a>
          </li>
          <li>
            Linkedin: 
            <a
              href="https://linkedin.com/in/sterlingdwatts"
              target="_blank"
            >
              in/SterlingDWatts
            </a>
          </li>
        </ul>
      </div>
    </section>
  </main>
  <div
    className="NavBar"
  >
    <ul
      className="ConnectLinks"
    >
      <li>
        <a
          href="https://github.com/SterlingDWatts"
          target="_blank"
        >
          <i
            className="fab fa-github"
          />
        </a>
      </li>
      <li>
        <a
          href="https://www.linkedin.com/in/sterlingdwatts/"
          target="_blank"
        >
          <i
            className="fab fa-linkedin-in"
          />
        </a>
      </li>
      <li>
        <a
          href="https://www.facebook.com/SterlingDWatts"
          target="_blank"
        >
          <i
            className="fab fa-facebook-f"
          />
        </a>
      </li>
      <li>
        <a
          href="https://www.instagram.com/sterlingdwatts"
          target="_blank"
        >
          <i
            className="fab fa-instagram"
          />
        </a>
      </li>
      <li>
        <a
          href="https://twitter.com/SterlingDWatts"
          target="_blank"
        >
          <i
            className="fab fa-twitter"
          />
        </a>
      </li>
    </ul>
  </div>
</div>
`;
